[2026-07-08 10:04:20] [INFO] ========== RefSeq genomes datasets 下载流程开始 ==========
[2026-07-08 10:04:21] [INFO] action=merge-fetch
[2026-07-08 10:04:21] [INFO] assembly summary=/data/p252701008/projects/multi-omics-data-pipelines/refseq/resources/assembly_summary_refseq.txt
[2026-07-08 10:04:21] [INFO] assembly summary source url=https://ftp.ncbi.nlm.nih.gov/genomes/refseq/assembly_summary_refseq.txt
[2026-07-08 10:04:21] [INFO] assembly summary content token=2039558499_235609714
[2026-07-08 10:04:21] [INFO] data root=/data3/p252701008/refseq_genomes
[2026-07-08 10:04:21] [INFO] run root=/data3/p252701008/refseq_genomes_runlogs
[2026-07-08 10:04:21] [INFO] pipeline context=refseq_RefSeq_include_all_refseq_shards_size_1000_268328763
[2026-07-08 10:04:21] [INFO] pipeline context computed=refseq_RefSeq_include_all_refseq_shards_size_1000_268328763; override=no
[2026-07-08 10:04:21] [INFO] include=all; assembly_source=RefSeq
[2026-07-08 10:04:21] [INFO] filters: latest_only=1, genome_rep=all, excluded=all, assembly_levels=all, groups=all, min_genome_size=0, max_accessions=0
[2026-07-08 10:04:21] [INFO] shard: size=1000, force_single_package=0
[2026-07-08 10:04:21] [INFO] steps: manifest=0, download_links=0, unpack_links=0, merge_fetch=1, rehydrate=0, verify=0
[2026-07-08 10:04:21] [INFO] retry: download_links=3, rehydrate=3, sleep_seconds=30
[2026-07-08 10:04:21] [INFO] integrity: strict=1, verify_targets=1, verify_md5=1, checksum_format=1, file_profile=1
[2026-07-08 10:04:21] [INFO] rehydrate max workers=20
[2026-07-08 10:04:21] [INFO] api key mode: env_exported=no; argv_api_key=disabled
[2026-07-08 10:04:21] [INFO] 已将异常或旧文件移入 trash：/data3/p252701008/refseq_genomes/contexts/refseq_RefSeq_include_all_refseq_shards_size_1000_268328763/merged_refseq_dataset/ncbi_dataset/fetch.txt -> /data3/p252701008/refseq_genomes_runlogs/trash/old_merged_fetch.20260708T020420Z.163996._data3_p252701008_refseq_genomes_contexts_refseq_RefSeq_include_all_refseq_shards_size_1000_268328763_merged_refseq_dataset_ncbi_dataset_fetch_txt
[2026-07-08 10:04:21] [INFO] 已将异常或旧文件移入 trash：/data3/p252701008/refseq_genomes_runlogs/status/refseq_RefSeq_include_all_refseq_shards_size_1000_268328763/fetch_accessions.sorted.txt -> /data3/p252701008/refseq_genomes_runlogs/trash/old_fetch_accessions.20260708T020420Z.163996._data3_p252701008_refseq_genomes_runlogs_status_refseq_RefSeq_include_all_refseq_shards_size_1000_268328763_fetch_accessions_sorted_txt
[2026-07-08 10:04:21] [INFO] 已将异常或旧文件移入 trash：/data3/p252701008/refseq_genomes_runlogs/status/refseq_RefSeq_include_all_refseq_shards_size_1000_268328763/missing_accessions_in_fetch.tsv -> /data3/p252701008/refseq_genomes_runlogs/trash/old_missing_fetch_accessions.20260708T020420Z.163996._data3_p252701008_refseq_genomes_runlogs_status_refseq_RefSeq_include_all_refseq_shards_size_1000_268328763_missing_accessions_in_fetch_tsv
[2026-07-08 10:04:21] [INFO] 已将异常或旧文件移入 trash：/data3/p252701008/refseq_genomes_runlogs/status/refseq_RefSeq_include_all_refseq_shards_size_1000_268328763/extra_accessions_in_fetch.tsv -> /data3/p252701008/refseq_genomes_runlogs/trash/old_extra_fetch_accessions.20260708T020420Z.163996._data3_p252701008_refseq_genomes_runlogs_status_refseq_RefSeq_include_all_refseq_shards_size_1000_268328763_extra_accessions_in_fetch_tsv
[2026-07-08 10:04:21] [INFO] 已将异常或旧文件移入 trash：/data3/p252701008/refseq_genomes_runlogs/status/refseq_RefSeq_include_all_refseq_shards_size_1000_268328763/fetch_targets.tsv -> /data3/p252701008/refseq_genomes_runlogs/trash/old_fetch_targets.20260708T020420Z.163996._data3_p252701008_refseq_genomes_runlogs_status_refseq_RefSeq_include_all_refseq_shards_size_1000_268328763_fetch_targets_tsv
[2026-07-08 10:04:21] [INFO] 已将异常或旧文件移入 trash：/data3/p252701008/refseq_genomes_runlogs/status/refseq_RefSeq_include_all_refseq_shards_size_1000_268328763/invalid_fetch_targets.tsv -> /data3/p252701008/refseq_genomes_runlogs/trash/old_invalid_fetch_targets.20260708T020420Z.163996._data3_p252701008_refseq_genomes_runlogs_status_refseq_RefSeq_include_all_refseq_shards_size_1000_268328763_invalid_fetch_targets_tsv
[2026-07-08 10:04:21] [INFO] 已将异常或旧文件移入 trash：/data3/p252701008/refseq_genomes_runlogs/status/refseq_RefSeq_include_all_refseq_shards_size_1000_268328763/invalid_fetch_rows.tsv -> /data3/p252701008/refseq_genomes_runlogs/trash/old_invalid_fetch_rows.20260708T020420Z.163996._data3_p252701008_refseq_genomes_runlogs_status_refseq_RefSeq_include_all_refseq_shards_size_1000_268328763_invalid_fetch_rows_tsv
[2026-07-08 10:04:21] [INFO] 已将异常或旧文件移入 trash：/data3/p252701008/refseq_genomes_runlogs/status/refseq_RefSeq_include_all_refseq_shards_size_1000_268328763/fetch_target_profile.tsv -> /data3/p252701008/refseq_genomes_runlogs/trash/old_fetch_profile.20260708T020420Z.163996._data3_p252701008_refseq_genomes_runlogs_status_refseq_RefSeq_include_all_refseq_shards_size_1000_268328763_fetch_target_profile_tsv
[2026-07-08 10:04:21] [INFO] 已将异常或旧文件移入 trash：/data3/p252701008/refseq_genomes_runlogs/status/refseq_RefSeq_include_all_refseq_shards_size_1000_268328763/missing_fetch_target_classes.tsv -> /data3/p252701008/refseq_genomes_runlogs/trash/old_missing_fetch_classes.20260708T020420Z.163996._data3_p252701008_refseq_genomes_runlogs_status_refseq_RefSeq_include_all_refseq_shards_size_1000_268328763_missing_fetch_target_classes_tsv
[2026-07-08 10:04:21] [INFO] 已将异常或旧文件移入 trash：/data3/p252701008/refseq_genomes/contexts/refseq_RefSeq_include_all_refseq_shards_size_1000_268328763/merged_refseq_dataset/ncbi_dataset/assembly_data_report.jsonl -> /data3/p252701008/refseq_genomes_runlogs/trash/old_merged_report.20260708T020420Z.163996._data3_p252701008_refseq_genomes_contexts_refseq_RefSeq_include_all_refseq_shards_size_1000_268328763_merged_refseq_dataset_ncbi_dataset_assembly_data_report_jsonl
[2026-07-08 10:04:21] [INFO] 开始汇总当前 shard 的 fetch.txt。来源目录：/data3/p252701008/refseq_genomes/contexts/refseq_RefSeq_include_all_refseq_shards_size_1000_268328763/dehydrated_links/unzipped
[2026-07-08 10:04:47] [INFO] fetch accession 集合校验通过：manifest accession 全部覆盖，且无额外 accession。
[2026-07-08 10:04:51] [INFO] fetch target 清单已生成：/data3/p252701008/refseq_genomes_runlogs/status/refseq_RefSeq_include_all_refseq_shards_size_1000_268328763/fetch_targets.tsv；数量：3705305
[2026-07-08 10:05:14] [INFO] fetch 文件类别完整性校验通过：/data3/p252701008/refseq_genomes_runlogs/status/refseq_RefSeq_include_all_refseq_shards_size_1000_268328763/fetch_target_profile.tsv
[2026-07-08 10:05:14] [INFO] fetch.txt 汇总完成：/data3/p252701008/refseq_genomes/contexts/refseq_RefSeq_include_all_refseq_shards_size_1000_268328763/merged_refseq_dataset/ncbi_dataset/fetch.txt
[2026-07-08 10:05:14] [INFO] fetch 来源数：530；fetch 目标行数：3705305；fetch 中 accession 数：529108
[2026-07-08 10:05:18] [INFO] summary report 已生成：/data3/p252701008/refseq_genomes_runlogs/status/refseq_RefSeq_include_all_refseq_shards_size_1000_268328763/summary_20260708T020420Z.163996.md
[2026-07-08 10:05:18] [INFO] ========== RefSeq genomes datasets 下载流程结束 ==========
[2026-07-08 10:05:18] [INFO] summary report：/data3/p252701008/refseq_genomes_runlogs/status/refseq_RefSeq_include_all_refseq_shards_size_1000_268328763/summary_20260708T020420Z.163996.md
